
> rest-express@1.0.0 build
> vite build

vite v5.4.21 building for production...
transforming...
✓ 4415 modules transformed.
rendering chunks...
computing gzip size...
../dist/public/index.html                                          15.55 kB │ gzip:   5.15 kB
../dist/public/assets/App-BRtOVq5p.css                              1.51 kB │ gzip:   0.61 kB
../dist/public/assets/index-jM2dlUUh.css                          443.74 kB │ gzip:  59.13 kB
../dist/public/assets/useAuth-DrjzMa7q.js                           0.18 kB │ gzip:   0.17 kB
../dist/public/assets/BrandHeader-BD9-8qCP.js                       0.28 kB │ gzip:   0.23 kB
../dist/public/assets/endOfMonth-B4DArGEV.js                        0.29 kB │ gzip:   0.20 kB
../dist/public/assets/chevron-left-jyuLAnH_.js                      0.30 kB │ gzip:   0.25 kB
../dist/public/assets/play-B7QMIXIO.js                              0.30 kB │ gzip:   0.25 kB
../dist/public/assets/moon-h8DHj0Wx.js                              0.31 kB │ gzip:   0.25 kB
../dist/public/assets/message-circle-CBN3wjjj.js                    0.32 kB │ gzip:   0.26 kB
../dist/public/assets/navigation-D3Y9n6Hh.js                        0.32 kB │ gzip:   0.26 kB
../dist/public/assets/thermometer-DHxaMJ9U.js                       0.33 kB │ gzip:   0.27 kB
../dist/public/assets/cloud-BIdPdU-o.js                             0.33 kB │ gzip:   0.27 kB
../dist/public/assets/filter-BnX27Ky-.js                            0.33 kB │ gzip:   0.26 kB
../dist/public/assets/arrow-right-DakJDLd2.js                       0.33 kB │ gzip:   0.27 kB
../dist/public/assets/arrow-left-CLK6t7xL.js                        0.33 kB │ gzip:   0.27 kB
../dist/public/assets/search-N-Q6cZ4R.js                            0.34 kB │ gzip:   0.27 kB
../dist/public/assets/message-square-Dq4hPIQM.js                    0.35 kB │ gzip:   0.27 kB
../dist/public/assets/BarChart-DQDP0L2w.js                          0.35 kB │ gzip:   0.25 kB
../dist/public/assets/trending-up-BJjUCdV5.js                       0.37 kB │ gzip:   0.28 kB
../dist/public/assets/lock-DVgu7Z8m.js                              0.37 kB │ gzip:   0.29 kB
../dist/public/assets/trending-down-CcPIbnOa.js                     0.38 kB │ gzip:   0.28 kB
../dist/public/assets/droplet-DkptKDCy.js                           0.38 kB │ gzip:   0.30 kB
../dist/public/assets/designTokens-Diet-5AP.js                      0.38 kB │ gzip:   0.25 kB
../dist/public/assets/laptop-B0dqO1l_.js                            0.39 kB │ gzip:   0.29 kB
../dist/public/assets/paperclip-Cj5gqa_v.js                         0.39 kB │ gzip:   0.30 kB
../dist/public/assets/target-Bowy4cRb.js                            0.39 kB │ gzip:   0.26 kB
../dist/public/assets/activity-ykyH3AHz.js                          0.40 kB │ gzip:   0.30 kB
../dist/public/assets/pen-CAoX1Gpy.js                               0.40 kB │ gzip:   0.31 kB
../dist/public/assets/history-BZh_dmD3.js                           0.41 kB │ gzip:   0.30 kB
../dist/public/assets/circle-help-CmYKugQn.js                       0.41 kB │ gzip:   0.30 kB
../dist/public/assets/database-BD8tpQA3.js                          0.41 kB │ gzip:   0.30 kB
../dist/public/assets/wind-CGbXkxie.js                              0.42 kB │ gzip:   0.30 kB
../dist/public/assets/video-Df_PyorZ.js                             0.42 kB │ gzip:   0.32 kB
../dist/public/assets/circle-alert-CASm4yDm.js                      0.42 kB │ gzip:   0.29 kB
../dist/public/assets/chart-column-CgdmBDu2.js                      0.42 kB │ gzip:   0.30 kB
../dist/public/assets/external-link-1oxg7wFP.js                     0.42 kB │ gzip:   0.30 kB
../dist/public/assets/marketplace-laur1uU4.js                       0.43 kB │ gzip:   0.30 kB
../dist/public/assets/download-DiLo8uv2.js                          0.43 kB │ gzip:   0.32 kB
../dist/public/assets/file-check-C3weN7nW.js                        0.43 kB │ gzip:   0.30 kB
../dist/public/assets/image-BtMagJre.js                             0.44 kB │ gzip:   0.32 kB
../dist/public/assets/book-open-D3apiwuY.js                         0.45 kB │ gzip:   0.31 kB
../dist/public/assets/cloud-rain-CY-tdERq.js                        0.45 kB │ gzip:   0.31 kB
../dist/public/assets/wifi-CBiGlDkg.js                              0.45 kB │ gzip:   0.31 kB
../dist/public/assets/mail-open-YDWyJJ2F.js                         0.46 kB │ gzip:   0.33 kB
../dist/public/assets/send-Txhd_l7k.js                              0.46 kB │ gzip:   0.33 kB
../dist/public/assets/shopping-cart-CjVD4J5B.js                     0.46 kB │ gzip:   0.33 kB
../dist/public/assets/receipt-DPnWclhp.js                           0.46 kB │ gzip:   0.31 kB
../dist/public/assets/user-plus-Cg70QIbE.js                         0.48 kB │ gzip:   0.33 kB
../dist/public/assets/AdminUsers-DFRcvK0c.js                        0.48 kB │ gzip:   0.32 kB
../dist/public/assets/scissors-BiUZMcvQ.js                          0.48 kB │ gzip:   0.32 kB
../dist/public/assets/square-pen-CFKJ9oVj.js                        0.49 kB │ gzip:   0.34 kB
../dist/public/assets/shield-check-DHFIeeag.js                      0.49 kB │ gzip:   0.35 kB
../dist/public/assets/refresh-cw-DW2XD1Rs.js                        0.49 kB │ gzip:   0.32 kB
../dist/public/assets/bot-C4umL05C.js                               0.50 kB │ gzip:   0.33 kB
../dist/public/assets/differenceInDays-BySDokTx.js                  0.50 kB │ gzip:   0.29 kB
../dist/public/assets/vatCalculator-hC7lkORY.js                     0.51 kB │ gzip:   0.27 kB
../dist/public/assets/paw-print-BTGRCGZ1.js                         0.51 kB │ gzip:   0.35 kB
../dist/public/assets/gift-B1UMSqoM.js                              0.52 kB │ gzip:   0.35 kB
../dist/public/assets/trash-2-0R5m7E0L.js                           0.53 kB │ gzip:   0.35 kB
../dist/public/assets/warehouse-Cx9iELg3.js                         0.53 kB │ gzip:   0.35 kB
../dist/public/assets/syringe-DTrT6NVG.js                           0.53 kB │ gzip:   0.35 kB
../dist/public/assets/scale-CT-hHipu.js                             0.54 kB │ gzip:   0.34 kB
../dist/public/assets/droplets-DJ4Updag.js                          0.54 kB │ gzip:   0.39 kB
../dist/public/assets/file-spreadsheet-Bk0JguFu.js                  0.54 kB │ gzip:   0.33 kB
../dist/public/assets/useAdminAuth-Dqw_uoIW.js                      0.55 kB │ gzip:   0.36 kB
../dist/public/assets/truck-CysaQN7A.js                             0.57 kB │ gzip:   0.37 kB
../dist/public/assets/footprints-CE7eP6U3.js                        0.62 kB │ gzip:   0.40 kB
../dist/public/assets/rocket-F-qnTviE.js                            0.63 kB │ gzip:   0.42 kB
../dist/public/assets/useFranchiseId-Dsu8XT9N.js                    0.63 kB │ gzip:   0.40 kB
../dist/public/assets/trophy-xZYMAQTI.js                            0.63 kB │ gzip:   0.39 kB
../dist/public/assets/sun-Safxok6Y.js                               0.64 kB │ gzip:   0.36 kB
../dist/public/assets/fingerprint-DCOEPP52.js                       0.77 kB │ gzip:   0.46 kB
../dist/public/assets/qr-code-DpZQxTYO.js                           0.82 kB │ gzip:   0.41 kB
../dist/public/assets/settings-QgWc4ci8.js                          0.89 kB │ gzip:   0.44 kB
../dist/public/assets/brain-BDza3ioS.js                             0.90 kB │ gzip:   0.47 kB
../dist/public/assets/GroomersBook-Cy1aqqJq.js                      0.97 kB │ gzip:   0.70 kB
../dist/public/assets/FranchiseMarketing-De345Ive.js                0.99 kB │ gzip:   0.56 kB
../dist/public/assets/GroomersCustomerDashboard-CSADUt6w.js         1.06 kB │ gzip:   0.71 kB
../dist/public/assets/thermometer-sun-BpVD4fv2.js                   1.07 kB │ gzip:   0.49 kB
../dist/public/assets/SharedServicesPrograms-Ia38N4iv.js            1.09 kB │ gzip:   0.73 kB
../dist/public/assets/GroomersProviderDashboard-DRQo4CcV.js         1.11 kB │ gzip:   0.79 kB
../dist/public/assets/Groomers-BBcZ1Fq_.js                          1.16 kB │ gzip:   0.76 kB
../dist/public/assets/SharedServicesImpact-YdEZ5TLK.js              1.17 kB │ gzip:   0.85 kB
../dist/public/assets/AdminRouteGuard-BuRG4tqc.js                   1.43 kB │ gzip:   0.75 kB
../dist/public/assets/table-JEMOd0Vo.js                             1.52 kB │ gzip:   0.54 kB
../dist/public/assets/deviceTrust-Cc3oFhNR.js                       1.54 kB │ gzip:   0.74 kB
../dist/public/assets/not-found-B5GOGtkC.js                         1.55 kB │ gzip:   0.84 kB
../dist/public/assets/AppErrorBoundary-dgsZQxld.js                  1.57 kB │ gzip:   0.82 kB
../dist/public/assets/TrackTrip-qJlQqZuv.js                         1.83 kB │ gzip:   0.82 kB
../dist/public/assets/BookTrip-DGTwgwk_.js                          1.88 kB │ gzip:   0.92 kB
../dist/public/assets/progress-BdTYZqZq.js                          1.96 kB │ gzip:   0.97 kB
../dist/public/assets/AuthTest-CuyLgKcX.js                          1.97 kB │ gzip:   0.95 kB
../dist/public/assets/FranchiseReports-BoSA-jsU.js                  2.01 kB │ gzip:   0.74 kB
../dist/public/assets/TrackWalk-Byezgezm.js                         2.14 kB │ gzip:   0.90 kB
../dist/public/assets/GlassmorphismCard-Bx5p4CBE.js                 2.15 kB │ gzip:   0.97 kB
../dist/public/assets/formatDistanceToNow-DhSwII0G.js               2.18 kB │ gzip:   0.92 kB
../dist/public/assets/LuxuryWidgets-okfAvHXr.js                     2.19 kB │ gzip:   1.05 kB
../dist/public/assets/avatar-Z1NOaphK.js                            2.23 kB │ gzip:   1.03 kB
../dist/public/assets/loyalty-Dt83RtE4.js                           2.24 kB │ gzip:   0.96 kB
../dist/public/assets/ProviderDashboard-BheZKFdH.js                 2.36 kB │ gzip:   0.82 kB
../dist/public/assets/ExecutiveSuiteGuard-y-bXYRKC.js               2.60 kB │ gzip:   1.10 kB
../dist/public/assets/rum-D7ndJpKv.js                               2.63 kB │ gzip:   0.99 kB
../dist/public/assets/AuditTrail-KS2Rv9R3.js                        2.64 kB │ gzip:   1.05 kB
../dist/public/assets/parseISO-BeV6Vcel.js                          2.67 kB │ gzip:   1.17 kB
../dist/public/assets/LiveChat-CcEXKF4f.js                          3.09 kB │ gzip:   1.09 kB
../dist/public/assets/FranchiseInbox-dbvTmHRX.js                    3.18 kB │ gzip:   1.33 kB
../dist/public/assets/WalkerDashboard-CYqlt2d-.js                   3.24 kB │ gzip:   1.10 kB
../dist/public/assets/FranchiseSupport-BMmUJv-9.js                  3.37 kB │ gzip:   1.26 kB
../dist/public/assets/mobile-date-picker-D8qd56BA.js                3.54 kB │ gzip:   1.40 kB
../dist/public/assets/AdminInbox-3fe5Hf8T.js                        3.60 kB │ gzip:   1.34 kB
../dist/public/assets/google-places-autocomplete-CuEWosld.js        3.61 kB │ gzip:   1.72 kB
../dist/public/assets/OwnerDashboard-Ce41kOme.js                    3.61 kB │ gzip:   1.20 kB
../dist/public/assets/PlatformPlaceholder-BfDiYYbS.js               3.64 kB │ gzip:   1.42 kB
../dist/public/assets/deviceTelemetry-DfbKt7zL.js                   3.66 kB │ gzip:   1.54 kB
../dist/public/assets/MyDevices-BQDo_u3h.js                         3.77 kB │ gzip:   1.59 kB
../dist/public/assets/BrowseWalkers-COqL_34Z.js                     3.99 kB │ gzip:   1.31 kB
../dist/public/assets/FraudDashboard-BBeFwiGj.js                    4.21 kB │ gzip:   1.27 kB
../dist/public/assets/AuthAction-uSpVcA-F.js                        4.41 kB │ gzip:   1.77 kB
../dist/public/assets/AdminSystemLogs-Cj2qqpBt.js                   4.51 kB │ gzip:   1.61 kB
../dist/public/assets/alert-dialog-DuRMJRtn.js                      4.81 kB │ gzip:   1.78 kB
../dist/public/assets/Overview-CyyWAEbR.js                          5.01 kB │ gzip:   1.65 kB
../dist/public/assets/Locations-DQ-F4TbI.js                         5.06 kB │ gzip:   1.96 kB
../dist/public/assets/Overview-sHwpd8IB.js                          5.21 kB │ gzip:   1.72 kB
../dist/public/assets/Overview-kE6FKKhA.js                          5.27 kB │ gzip:   1.73 kB
../dist/public/assets/index-0JMbnpFc.js                             5.30 kB │ gzip:   2.43 kB
../dist/public/assets/PetWashCircle-B05iokAX.js                     5.44 kB │ gzip:   2.23 kB
../dist/public/assets/GmailOAuthButton-FescmdGS.js                  5.47 kB │ gzip:   1.87 kB
../dist/public/assets/ExecutiveSuiteHome-Dpy0SZUi.js                5.50 kB │ gzip:   2.15 kB
../dist/public/assets/SimpleSignIn-C73P6oin.js                      5.53 kB │ gzip:   1.66 kB
../dist/public/assets/Overview-BYMxZjnF.js                          5.55 kB │ gzip:   1.81 kB
../dist/public/assets/Overview-C8yX-742.js                          5.55 kB │ gzip:   1.90 kB
../dist/public/assets/BrowseSitters-Cs3TmNZW.js                     5.57 kB │ gzip:   1.95 kB
../dist/public/assets/deviceDetection-DGE7byR8.js                   5.59 kB │ gzip:   1.80 kB
../dist/public/assets/auth-guardian-2025-BOV16GwN.js                5.67 kB │ gzip:   2.54 kB
../dist/public/assets/FranchiseDashboard-DwvW-Qid.js                5.80 kB │ gzip:   1.68 kB
../dist/public/assets/BackendTeam-DDtnrx5k.js                       5.90 kB │ gzip:   2.27 kB
../dist/public/assets/BrowseDrivers-DnANM4Bj.js                     5.92 kB │ gzip:   1.92 kB
../dist/public/assets/FounderMember-93r6hLqC.js                     5.94 kB │ gzip:   1.53 kB
../dist/public/assets/Contact-RvskbskE.js                           5.95 kB │ gzip:   2.11 kB
../dist/public/assets/FirebaseDebug-CJj5TT8Y.js                     5.96 kB │ gzip:   2.30 kB
../dist/public/assets/TestPurchase-AMAk920W.js                      5.97 kB │ gzip:   1.88 kB
../dist/public/assets/AdminVouchers-fFcfBixd.js                     5.97 kB │ gzip:   1.94 kB
../dist/public/assets/Accessibility-BQp_rYW0.js                     5.99 kB │ gzip:   1.84 kB
../dist/public/assets/Packages-BpXh2D5R.js                          6.03 kB │ gzip:   2.29 kB
../dist/public/assets/PushNotificationTest-Cs4AO3R1.js              6.07 kB │ gzip:   2.09 kB
../dist/public/assets/he-Dz3kJxNu.js                                6.17 kB │ gzip:   2.41 kB
../dist/public/assets/Gallery-ytCqfNfD.js                           6.34 kB │ gzip:   1.82 kB
../dist/public/assets/StatusDashboard-DnWUja-u.js                   6.54 kB │ gzip:   1.82 kB
../dist/public/assets/ProviderListings-CJB2G_GX.js                  6.85 kB │ gzip:   2.47 kB
../dist/public/assets/date-picker-nFmT9EMi.js                       6.86 kB │ gzip:   2.56 kB
../dist/public/assets/MobileStationHub-DZFDfYr6.js                  6.94 kB │ gzip:   2.13 kB
../dist/public/assets/passkey-OFSpGLtc.js                           7.05 kB │ gzip:   1.98 kB
../dist/public/assets/TechnicianView-wND3nkkS.js                    7.10 kB │ gzip:   2.05 kB
../dist/public/assets/GmailDemo-Ci9nUhcb.js                         7.11 kB │ gzip:   1.63 kB
../dist/public/assets/SecurityStatus-DeLVgq5p.js                    7.23 kB │ gzip:   2.27 kB
../dist/public/assets/AdminLoginV2-Cd9qYF_g.js                      7.42 kB │ gzip:   2.76 kB
../dist/public/assets/MobileOpsHub-BUaRFUK_.js                      7.57 kB │ gzip:   2.09 kB
../dist/public/assets/BuyGiftCard-DC6iwaD6.js                       7.65 kB │ gzip:   2.36 kB
../dist/public/assets/FranchiseeDashboard-BC8pATjB.js               7.68 kB │ gzip:   2.09 kB
../dist/public/assets/FirebaseTest-BFfqmxSm.js                      7.72 kB │ gzip:   2.69 kB
../dist/public/assets/en-US-DT_G7pzI.js                             7.76 kB │ gzip:   2.70 kB
../dist/public/assets/GroupStatusMonitor-D9C73lMW.js                7.83 kB │ gzip:   2.13 kB
../dist/public/assets/AdminGuide-9o-oq5yD.js                        7.86 kB │ gzip:   2.64 kB
../dist/public/assets/WeatherTest-CYMAtwQb.js                       7.89 kB │ gzip:   2.29 kB
../dist/public/assets/ReceiptPage-X-taCoR-.js                       8.00 kB │ gzip:   2.20 kB
../dist/public/assets/JvPartnersDashboard-PSQfpPG5.js               8.03 kB │ gzip:   2.37 kB
../dist/public/assets/PerformanceReviewsDashboard-ogXKaEhf.js       8.05 kB │ gzip:   2.54 kB
../dist/public/assets/Privacy-CInPqXT7.js                           8.14 kB │ gzip:   2.77 kB
../dist/public/assets/slider-i0_cqqBO.js                            8.21 kB │ gzip:   3.34 kB
../dist/public/assets/CEODashboard-DtR70vWZ.js                      8.60 kB │ gzip:   2.80 kB
../dist/public/assets/KenzoAI-d3yh0OYC.js                           8.61 kB │ gzip:   2.61 kB
../dist/public/assets/ClaimVoucher-CRRywSh-.js                      8.67 kB │ gzip:   3.07 kB
../dist/public/assets/ServiceStatus-_3lU6kAr.js                     8.77 kB │ gzip:   3.71 kB
../dist/public/assets/PerformanceMonitoring-C7VdKKY0.js             8.86 kB │ gzip:   1.91 kB
../dist/public/assets/ConnectedDevices-CVvjf7Ax.js                  8.87 kB │ gzip:   3.39 kB
../dist/public/assets/OpsTodayPage-DYY1v1b2.js                      8.87 kB │ gzip:   2.62 kB
../dist/public/assets/SecuritySettings-CRF32gOb.js                  8.98 kB │ gzip:   2.91 kB
../dist/public/assets/index-XIwHffga.js                             9.02 kB │ gzip:   2.97 kB
../dist/public/assets/AdminTeamInvitations-BV-D34_r.js              9.10 kB │ gzip:   3.11 kB
../dist/public/assets/CompanyReports-21rkzKxF.js                    9.13 kB │ gzip:   2.27 kB
../dist/public/assets/AdminKYC-Cy9_HXVd.js                          9.15 kB │ gzip:   3.08 kB
../dist/public/assets/BookingFlow-DJBW6kcn.js                       9.78 kB │ gzip:   3.25 kB
../dist/public/assets/DeviceManagement-VZs-XBzC.js                  9.81 kB │ gzip:   3.37 kB
../dist/public/assets/DocumentSigning-D2RsGuif.js                   9.83 kB │ gzip:   2.71 kB
../dist/public/assets/AdminFinancial-vfXU9tPv.js                    9.95 kB │ gzip:   2.76 kB
../dist/public/assets/BookingFlow-B1uTgq8g.js                      10.02 kB │ gzip:   3.39 kB
../dist/public/assets/Meetings-CWj8PkZP.js                         10.04 kB │ gzip:   3.66 kB
../dist/public/assets/MySubscriptions-DktE1xDv.js                  10.05 kB │ gzip:   2.96 kB
../dist/public/assets/WalletDownload-r6ZUwT6s.js                   10.22 kB │ gzip:   2.82 kB
../dist/public/assets/InventoryManagement-CDvi_2Zw.js              10.24 kB │ gzip:   3.44 kB
../dist/public/assets/K9000Documents-D0NIQLbj.js                   10.27 kB │ gzip:   3.46 kB
../dist/public/assets/NotificationPreferences-BADU_pcc.js          10.39 kB │ gzip:   2.58 kB
../dist/public/assets/RecruitmentDashboard-CXmizbzS.js             10.69 kB │ gzip:   2.83 kB
../dist/public/assets/BookingFlow-BCtex9TZ.js                      10.81 kB │ gzip:   3.62 kB
../dist/public/assets/Dashboard-BbpGDNY5.js                        10.85 kB │ gzip:   2.51 kB
../dist/public/assets/DocumentManagement-D-LZmQ7w.js               10.96 kB │ gzip:   3.59 kB
../dist/public/assets/BookingFlow-CBHS9J4M.js                      11.11 kB │ gzip:   3.74 kB
../dist/public/assets/BookingFlow-B4VPrusO.js                      11.46 kB │ gzip:   3.77 kB
../dist/public/assets/PawFinder-rlwv8pCq.js                        11.57 kB │ gzip:   3.80 kB
../dist/public/assets/HRDashboard-CZW3RiQP.js                      11.70 kB │ gzip:   3.04 kB
../dist/public/assets/Marketplace-DIemsV7X.js                      11.73 kB │ gzip:   3.54 kB
../dist/public/assets/Subscriptions-oTt1RZFG.js                    11.83 kB │ gzip:   3.40 kB
../dist/public/assets/About-DLzJ8X_T.js                            11.85 kB │ gzip:   3.62 kB
../dist/public/assets/PolicyManagementDashboard-BzmyabvF.js        11.96 kB │ gzip:   2.91 kB
../dist/public/assets/WelcomeConsent-qjWewQwv.js                   12.07 kB │ gzip:   4.11 kB
../dist/public/assets/StationRegistryDashboard-B1JGWMpy.js         12.22 kB │ gzip:   3.28 kB
../dist/public/assets/EnterpriseHQ-BRr-8aIX.js                     12.27 kB │ gzip:   3.44 kB
../dist/public/assets/PetWashDayPlanner-BLrQFF7x.js                12.36 kB │ gzip:   3.50 kB
../dist/public/assets/PersonalInbox-VgdnZPp3.js                    12.62 kB │ gzip:   3.57 kB
../dist/public/assets/ConsentDemo-7J0rZdpC.js                      12.75 kB │ gzip:   3.46 kB
../dist/public/assets/FranchiseManagementDashboard-BUiB43ki.js     12.95 kB │ gzip:   3.04 kB
../dist/public/assets/SparePartsManagement-BZcm_5JS.js             12.95 kB │ gzip:   3.87 kB
../dist/public/assets/format-DDazDeZV.js                           13.05 kB │ gzip:   3.45 kB
../dist/public/assets/StandaloneDivisions-BTVagTGl.js              13.26 kB │ gzip:   4.79 kB
../dist/public/assets/ComplianceControlTower-C8Qd7xBK.js           13.36 kB │ gzip:   3.43 kB
../dist/public/assets/Pets-oNfG4ikg.js                             13.48 kB │ gzip:   3.99 kB
../dist/public/assets/AdminHelpGuide-UtZT3_b5.js                   13.65 kB │ gzip:   4.01 kB
../dist/public/assets/AdminLogin-B6TFI9_h.js                       13.67 kB │ gzip:   4.57 kB
../dist/public/assets/SitterDetail-DZOiGiEC.js                     13.76 kB │ gzip:   4.04 kB
../dist/public/assets/SuppliersDashboard-I-8A4lN1.js               13.82 kB │ gzip:   3.34 kB
../dist/public/assets/SitterDashboard-BQxRkt4f.js                  13.85 kB │ gzip:   3.13 kB
../dist/public/assets/Dashboard-CFrrvrKn.js                        14.03 kB │ gzip:   4.73 kB
../dist/public/assets/GeminiWatchdogDashboard-BDP1UJMb.js          14.05 kB │ gzip:   3.20 kB
../dist/public/assets/ProviderDetail-BHA1ZHnk.js                   14.55 kB │ gzip:   4.08 kB
../dist/public/assets/SalesDashboard-CkNggpJ5.js                   14.87 kB │ gzip:   3.38 kB
../dist/public/assets/PrivacyPolicy-CDQ9ckQg.js                    15.16 kB │ gzip:   5.87 kB
../dist/public/assets/GoogleServicesConsent-Bezdf1tf.js            15.39 kB │ gzip:   5.35 kB
../dist/public/assets/AccessibilityStatement-C6bkUr4y.js           15.75 kB │ gzip:   4.15 kB
../dist/public/assets/OurService-Ct-78VGp.js                       15.83 kB │ gzip:   3.59 kB
../dist/public/assets/DriverDashboard-Ba3fDkVX.js                  15.83 kB │ gzip:   3.58 kB
../dist/public/assets/Verify-Cdmuntxx.js                           15.90 kB │ gzip:   5.43 kB
../dist/public/assets/OperationsDashboard-BUKkmfqw.js              16.37 kB │ gzip:   3.47 kB
../dist/public/assets/Inbox-DSxfsHsC.js                            16.46 kB │ gzip:   4.59 kB
../dist/public/assets/OpsDashboard-BeKvqdWn.js                     16.52 kB │ gzip:   3.72 kB
../dist/public/assets/Academy-BbSUgCgu.js                          16.63 kB │ gzip:   4.69 kB
../dist/public/assets/SignUp-CHGqmG8U.js                           16.64 kB │ gzip:   5.36 kB
../dist/public/assets/Loyalty-CvExLyrt.js                          16.95 kB │ gzip:   4.61 kB
../dist/public/assets/MarketplaceBookingFlow-CHDqWVAa.js           17.02 kB │ gzip:   5.15 kB
../dist/public/assets/FastSignIn-Dxx5L_Tr.js                       17.42 kB │ gzip:   5.10 kB
../dist/public/assets/CustomerDashboard-BZeXrCwx.js                18.22 kB │ gzip:   5.12 kB
../dist/public/assets/AdminSecurityMonitoring-D3unC45Q.js          18.63 kB │ gzip:   3.76 kB
../dist/public/assets/PrivacyPolicy-BNSTz2e1.js                    18.71 kB │ gzip:   4.63 kB
../dist/public/assets/TermsConditions-BB2rFbdl.js                  19.23 kB │ gzip:   6.74 kB
../dist/public/assets/Settings-BSKx-G7C.js                         19.52 kB │ gzip:   5.20 kB
../dist/public/assets/index.esm-CkbNkrc7.js                        19.58 kB │ gzip:   4.03 kB
../dist/public/assets/LoyaltyDashboard-CEPtTiqa.js                 19.70 kB │ gzip:   5.73 kB
../dist/public/assets/Disclaimer-Bol4Q5Qv.js                       20.21 kB │ gzip:   7.03 kB
../dist/public/assets/PetCarePlanner-BFRGQDyI.js                   20.23 kB │ gzip:   6.90 kB
../dist/public/assets/LogisticsDashboard-Br2gUUm7.js               21.08 kB │ gzip:   4.31 kB
../dist/public/assets/PlatformLegalFramework-DTaUlg4z.js           21.47 kB │ gzip:   6.06 kB
../dist/public/assets/PlatformShowcase-25dJ3nMG.js                 22.79 kB │ gzip:   6.89 kB
../dist/public/assets/TeamInbox-BPAY2s8l.js                        22.95 kB │ gzip:   6.69 kB
../dist/public/assets/ProviderOnboarding-DlB2pIZe.js               23.75 kB │ gzip:   6.95 kB
../dist/public/assets/OwnerDashboard-DhSc9Wfl.js                   24.34 kB │ gzip:   6.15 kB
../dist/public/assets/YAxis-W3o_cfqy.js                            24.35 kB │ gzip:   6.26 kB
../dist/public/assets/CrmDashboard-1NOOjCCK.js                     24.49 kB │ gzip:   4.66 kB
../dist/public/assets/UnifiedEntityManagement-BfcdGhOt.js          24.63 kB │ gzip:   3.58 kB
../dist/public/assets/PieChart-oj0vxiKz.js                         25.95 kB │ gzip:   7.03 kB
../dist/public/assets/RoleAwareWeatherPlanner-cZVxnZmb.js          26.94 kB │ gzip:   5.52 kB
../dist/public/assets/card-CE1_pTGz.js                             28.01 kB │ gzip:   9.51 kB
../dist/public/assets/InvestorPresentation-CSNkG848.js             28.16 kB │ gzip:   6.09 kB
../dist/public/assets/SignIn-DO-J1atw.js                           32.03 kB │ gzip:   8.86 kB
../dist/public/assets/MyWallet-Ean4q9Vc.js                         33.42 kB │ gzip:   9.78 kB
../dist/public/assets/Terms-DBaH_B8o.js                            34.70 kB │ gzip:  10.03 kB
../dist/public/assets/CustomerManagement-DU1u20rh.js               34.83 kB │ gzip:   7.52 kB
../dist/public/assets/calendar-qxvTezb7.js                         35.18 kB │ gzip:  11.08 kB
../dist/public/assets/index-DmHvexnK.js                            37.81 kB │ gzip:  10.88 kB
../dist/public/assets/TrainerProfile-DeHTbXCj.js                   37.86 kB │ gzip:  10.00 kB
../dist/public/assets/AdminStations-CZG1TIrU.js                    38.21 kB │ gzip:   8.53 kB
../dist/public/assets/index.esm-C-D-8Kxw.js                        38.31 kB │ gzip:   9.97 kB
../dist/public/assets/FinanceDashboard-tyxS6PWF.js                 40.36 kB │ gzip:   7.23 kB
../dist/public/assets/MobileStationSheet-BqZsUOog.js               41.81 kB │ gzip:  11.28 kB
../dist/public/assets/AdminDashboard-DGrkHRhJ.js                   44.50 kB │ gzip:  11.61 kB
../dist/public/assets/Franchise-BlnNKRqt.js                        45.86 kB │ gzip:   8.19 kB
../dist/public/assets/CommunicationCenter-DEZ7oa1L.js              53.74 kB │ gzip:  11.59 kB
../dist/public/assets/index-DFmSKC3d.js                           146.54 kB │ gzip:  47.41 kB
../dist/public/assets/LeadManagement-B54eNSlH.js                  315.32 kB │ gzip:  60.19 kB
../dist/public/assets/generateCategoricalChart-BNfhTsKd.js        348.98 kB │ gzip:  97.63 kB
../dist/public/assets/firebase-BJR8MPWq.js                        532.05 kB │ gzip: 123.94 kB
../dist/public/assets/App-DPAPepKJ.js                           1,047.59 kB │ gzip: 336.14 kB

(!) Some chunks are larger than 500 kB after minification. Consider:
- Using dynamic import() to code-split the application
- Use build.rollupOptions.output.manualChunks to improve chunking: https://rollupjs.org/configuration-options/#output-manualchunks
- Adjust chunk size limit for this warning via build.chunkSizeWarningLimit.
✓ built in 34.18s
